// Jest Snapshot v1, https://goo.gl/fbAQLP

exports[`renders correctly 1`] = `
<a
  className="normal"
  href="http://www.ufrrj.br"
  onMouseEnter={[Function]}
  onMouseLeave={[Function]}
>
  Site da UFRRJ
</a>
`;
